aurl=aflowlib.duke.edu:AFLOWDATA/LIB2_RAW/AgAl/8 | auid=aflow:496b9b0c3a2a92c2 | data_api=aapi1.2 | data_source=aflowlib | loop=lock,thermodynamics | code=vasp.4.6.35 | compound=Ag2Al1 | prototype=8 | nspecies=2 | natoms=3 | natoms_orig=3 | composition=2,1 | density=7.95992 | density_orig=7.6718 | scintillation_attenuation_length=1.44314 | stoichiometry=0.666666667,0.333333333 | species=Ag,Al | species_pp=Ag,Al | dft_type=PAW_PBE | species_pp_version=Ag:PAW_PBE:06Sep2000,Al:PAW_PBE:04Jan2001 | species_pp_ZVAL=11,3 | species_pp_AUID=eca65d7d992efb48,423324aa45d0242f | valence_cell_iupac=11 | valence_cell_std=25 | volume_cell=50.634 | volume_atom=16.878 | volume_cell_orig=52.5356 | volume_atom_orig=17.5119 | pressure=0 | stress_tensor=-0.33,0,0,0,-0.14,0,0,0,-0.77 | pressure_residual=-0.41 | Pulay_stress=0 | geometry=5.133046,5.133046,5.133046,144.7314,139.2352,54.98077 | geometry_orig=5.048664,5.048664,5.048664,146.4427,131.8103,60 | energy_cell=-9.5906 | energy_atom=-3.19687 | energy_cutoff=349.8 | delta_electronic_energy_convergence=6.74438e-07 | delta_electronic_energy_threshold=1e-06 | kpoints_relax=16,16,16 | kpoints=16,16,16 | enthalpy_cell=-9.5906 | enthalpy_atom=-3.19687 | eentropy_cell=0.00014725 | eentropy_atom=4.90833e-05 | enthalpy_formation_cell=-0.191662 | enthalpy_formation_atom=-0.0638873 | entropic_temperature=1164.75 | PV_cell=0 | PV_atom=0 | spin_cell=0 | spin_atom=0 | spinD=0,0,0 | stoich=0.6667   0.3333 | calculation_time=10383.4 | calculation_memory=715.71 | calculation_cores=12 | nbondxx=2.8918,2.7757,3.11 | sg=Immm #71,Immm #71,Immm #71 | sg2=Immm #71,Immm #71,Immm #71 | spacegroup_orig=71 | spacegroup_relax=71 | forces=0,0,0.00134;0,0,-0.00134;0,0,0 | positions_cartesian=0,0,5.99934;0,0,3.10759;0,0,0 | positions_fractional=0.65876663,0.65876663,0;0.34123337,0.34123337,0;0,0,0 | Bravais_lattice_orig=ORCI | lattice_variation_orig=ORCI | lattice_system_orig=orthorhombic | Pearson_symbol_orig=oI6 | Bravais_lattice_relax=ORCI | lattice_variation_relax=ORCI | lattice_system_relax=orthorhombic | Pearson_symbol_relax=oI6 | crystal_family_orig=orthorhombic | crystal_system_orig=orthorhombic | crystal_class_orig=orthorhombic-bipyramidal | point_group_Hermann_Mauguin_orig=mmm | point_group_Schoenflies_orig=D_2h | point_group_orbifold_orig=*222 | point_group_type_orig=centrosymmetric | point_group_order_orig=8 | point_group_structure_orig=2_x_dihedral | Bravais_lattice_lattice_type_orig=ORCI | Bravais_lattice_lattice_variation_type_orig=ORCI | Bravais_lattice_lattice_system_orig=orthorhombic | Bravais_superlattice_lattice_type_orig=FCC | Bravais_superlattice_lattice_variation_type_orig=FCC | Bravais_superlattice_lattice_system_orig=cubic | Pearson_symbol_superlattice_orig=cF4 | reciprocal_geometry_orig=1.6851,2.2722,2.64,39.232,58.518,82.251 | reciprocal_volume_cell_orig=4.72156 | reciprocal_lattice_type_orig=ORCF | reciprocal_lattice_variation_type_orig=ORCF1 | Wyckoff_letters_orig=e;a | Wyckoff_multiplicities_orig=4;2 | Wyckoff_site_symmetries_orig=2mm;mmm | crystal_family=orthorhombic | crystal_system=orthorhombic | crystal_class=orthorhombic-bipyramidal | point_group_Hermann_Mauguin=mmm | point_group_Schoenflies=D_2h | point_group_orbifold=*222 | point_group_type=centrosymmetric | point_group_order=8 | point_group_structure=2_x_dihedral | Bravais_lattice_lattice_type=ORCI | Bravais_lattice_lattice_variation_type=ORCI | Bravais_lattice_lattice_system=orthorhombic | Bravais_superlattice_lattice_type=ORCI | Bravais_superlattice_lattice_variation_type=ORCI | Bravais_superlattice_lattice_system=orthorhombic | Pearson_symbol_superlattice=oI6 | reciprocal_geometry=1.8879,2.1349,2.6776,44.436,52.346,83.217 | reciprocal_volume_cell=4.89888 | reciprocal_lattice_type=ORCF | reciprocal_lattice_variation_type=ORCF1 | Wyckoff_letters=e;a | Wyckoff_multiplicities=4;2 | Wyckoff_site_symmetries=2mm;mmm | anrl_label_orig=A2B_oI6_71_e_a | anrl_parameter_list_orig=a,b/a,c/a,x2 | anrl_parameter_values_orig=8.7445,0.471405,0.33333,0.666667 | anrl_label_relax=A2B_oI6_71_e_a | anrl_parameter_list_relax=a,b/a,c/a,x2 | anrl_parameter_values_relax=9.1069,0.392614,0.341499,0.341233 | ael_stiffness_tensor= | ael_compliance_tensor= | files=AgAl.8.cif,AgAl.8_corner.cif,AgAl.8_sconv.cif,AgAl.8_sconv_corner.cif,AgAl.8_sprim.cif,AgAl.8_sprim_corner.cif,AgAl.8_structure_relax.json,AgAl.8_structure_relax1.json,CONTCAR.relax,CONTCAR.relax.abinit,CONTCAR.relax.aims,CONTCAR.relax.qe,CONTCAR.relax.vasp,CONTCAR.relax1,CONTCAR.relax2,KPOINTS.relax,LOCK,OUTCAR.relax.xz,POSCAR.orig,POSCAR.relax2,aflow.agroup.orig.json.xz,aflow.agroup.orig.out.xz,aflow.agroup.relax.json.xz,aflow.agroup.relax.out.xz,aflow.fgroup.orig.json.xz,aflow.fgroup.orig.out.xz,aflow.fgroup.relax.json.xz,aflow.fgroup.relax.out.xz,aflow.iatoms.orig.json.xz,aflow.iatoms.orig.out.xz,aflow.iatoms.relax.json.xz,aflow.iatoms.relax.out.xz,aflow.in,aflow.pgroup.orig.json.xz,aflow.pgroup.orig.out.xz,aflow.pgroup.relax.json.xz,aflow.pgroup.relax.out.xz,aflow.pgroup_xtal.orig.json.xz,aflow.pgroup_xtal.orig.out.xz,aflow.pgroup_xtal.relax.json.xz,aflow.pgroup_xtal.relax.out.xz,aflow.pgroupk.orig.json.xz,aflow.pgroupk.orig.out.xz,aflow.pgroupk.relax.json.xz,aflow.pgroupk.relax.out.xz,aflow.pgroupk_xtal.orig.json.xz,aflow.pgroupk_xtal.orig.out.xz,aflow.pgroupk_xtal.relax.json.xz,aflow.pgroupk_xtal.relax.out.xz,aflow.qmvasp.out,edata.orig.json,edata.orig.out,edata.relax.json,edata.relax.out | aflow_version=aflow30350 | catalog=LIB2 | aflowlib_version=3.2.2l | aflowlib_date=20200423_12:02:55_GMT-5