aurl=aflowlib.duke.edu:AFLOWDATA/LIB5_RAW/CeLaOPrY_sv:PAW_PBE/AB2_cF12_225_a_c.AB:POCC_P0-0.25xA-0.25xB-0.25xD-0.25xE_S1-1xC/ARUN.POCC_04_H1C1 | auid=aflow:a6c7d01eac5142bb | data_api=aapi1.2 | data_source=aflowlib | loop=bader,lock,magnetic,static,thermodynamics | code=vasp.4.6.35 | compound=Ce1La1O8Pr1Y1 | prototype=ARUN.POCC_04_H1C1 | nspecies=5 | natoms=12 | natoms_orig=12 | composition=1,1,8,1,1 | density=6.36335 | density_orig=5.43601 | scintillation_attenuation_length=1.7077 | stoichiometry=0.083333333,0.083333333,0.66666667,0.083333333,0.083333333 | species=Ce,La,O,Pr,Y | species_pp=Ce,La,O,Pr,Y_sv | dft_type=PAW_PBE | species_pp_version=Ce:PAW_PBE:28Sep2000,La:PAW_PBE:06Sep2000,O:PAW_PBE:08Apr2002,Pr:PAW_PBE:08Apr2002,Y_sv:PAW_PBE:06Sep2000 | species_pp_ZVAL=12,11,6,13,11 | species_pp_AUID=6e846dc10a52b11b,8353806ee117d7fd,85ded82734544fa9,82dbd5ee06192a4c,b07bf0a656aa22bc | valence_cell_iupac=30 | valence_cell_std=63 | volume_cell=166.184 | volume_atom=13.8487 | volume_cell_orig=194.534 | volume_atom_orig=16.2112 | pressure=0 | stress_tensor=-0.47,0,0,0,-0.23,0,0,0,-0.44 | pressure_residual=-0.38 | Pulay_stress=0 | geometry=3.9241601,5.3959954,7.8482279,90,90,90 | geometry_orig=4.0971662,7.0965,16.388665,30,60,54.73561 | energy_cell=-100.789 | energy_atom=-8.39907 | energy_cutoff=560 | delta_electronic_energy_convergence=2.80445e-07 | delta_electronic_energy_threshold=1e-06 | kpoints_relax=13,9,6 | kpoints=13,9,6 | enthalpy_cell=-100.789 | enthalpy_atom=-8.39907 | eentropy_cell=0.00302188 | eentropy_atom=0.000251823 | PV_cell=0 | PV_atom=0 | spin_cell=0.999705 | spin_atom=0.0833088 | spinD=-0.017,0.024,0.028,0.029,0.32,0.319,0.081,0.08,0.02,0.02,-0.056,-0.008 | spinF=0 | stoich=0.08333  0.08333   0.6667  0.08333  0.08333 | calculation_time=40872.7 | calculation_memory=4423.87 | calculation_cores=32 | nbondxx=3.9242,3.9351,2.3051,3.8315,3.7156,3.9242,2.461,3.8765,3.9132,2.4255,2.2164,2.3426,3.9242,3.8055,3.9242 | sg=Pmm2 #25,Pmm2 #25,Pmm2 #25 | sg2=Pmm2 #25,Pmm2 #25,Pmm2 #25 | spacegroup_orig=25 | spacegroup_relax=25 | forces=0,0,-0.001707;0,0,-0.000368;0,0.000185,0.000473;0,-0.000185,0.000473;0,0.000298,0.00089;0,-0.000298,0.00089;0,-0.002389,0.000216;0,0.002389,0.000216;0,-0.000511,-0.000548;0,0.000511,-0.000548;0,0,-0.00071;0,0,0.000723 | positions_cartesian=0,0,7.73905;1.96208,2.698,1.97791;1.96208,1.34494,7.69948;1.96208,4.05106,7.69948;0,4.18322,1.94531;0,1.21277,1.94531;1.96208,1.36477,4.0839;1.96208,4.03123,4.0839;0,4.00007,5.90474;0,1.39592,5.90474;1.96208,2.698,5.85446;0,0,4.02344 | positions_fractional=0,0,0.98608865;0.5,0.5,0.25201987;0.5,0.24924777,0.98104671;0.5,0.75075223,0.98104671;0,0.77524564,0.24786592;0,0.22475436,0.24786592;0.5,0.25292212,0.52035949;0.5,0.74707788,0.52035949;0,0.74130381,0.75236625;0,0.25869619,0.75236625;0.5,0.5,0.74595916;0,0,0.51265559 | Bravais_lattice_orig=ORC | lattice_variation_orig=ORC | lattice_system_orig=orthorhombic | Pearson_symbol_orig=oP12 | Bravais_lattice_relax=ORC | lattice_variation_relax=ORC | lattice_system_relax=orthorhombic | Pearson_symbol_relax=oP12 | crystal_family_orig=orthorhombic | crystal_system_orig=orthorhombic | crystal_class_orig=orthorhombic-pyramidal | point_group_Hermann_Mauguin_orig=mm2 | point_group_Schoenflies_orig=C_2v | point_group_orbifold_orig=*22 | point_group_type_orig=polar | point_group_order_orig=4 | point_group_structure_orig=dihedral | Bravais_lattice_lattice_type_orig=ORC | Bravais_lattice_lattice_variation_type_orig=ORC | Bravais_lattice_lattice_system_orig=orthorhombic | Bravais_superlattice_lattice_type_orig=FCC | Bravais_superlattice_lattice_variation_type_orig=FCC | Bravais_superlattice_lattice_system_orig=cubic | Pearson_symbol_superlattice_orig=cF12 | reciprocal_geometry_orig=1.8782003,1.8782003,0.76677208,144.73561,90,109.47122 | reciprocal_volume_cell_orig=1.2751 | reciprocal_lattice_type_orig=ORC | reciprocal_lattice_variation_type_orig=ORC | Wyckoff_letters_orig=a;d;h,g,h,g;d;a | Wyckoff_multiplicities_orig=1;1;2,2,2,2;1;1 | Wyckoff_site_symmetries_orig=mm2;mm2;m..,m..,m..,m..;mm2;mm2 | crystal_family=orthorhombic | crystal_system=orthorhombic | crystal_class=orthorhombic-pyramidal | point_group_Hermann_Mauguin=mm2 | point_group_Schoenflies=C_2v | point_group_orbifold=*22 | point_group_type=polar | point_group_order=4 | point_group_structure=dihedral | Bravais_lattice_lattice_type=ORC | Bravais_lattice_lattice_variation_type=ORC | Bravais_lattice_lattice_system=orthorhombic | Bravais_superlattice_lattice_type=ORC | Bravais_superlattice_lattice_variation_type=ORC | Bravais_superlattice_lattice_system=orthorhombic | Pearson_symbol_superlattice=oP12 | reciprocal_geometry=1.6011542,1.1644164,0.8005865,90,90,90 | reciprocal_volume_cell=1.49262 | reciprocal_lattice_type=ORC | reciprocal_lattice_variation_type=ORC | Wyckoff_letters=a;d;h,g,h,g;d;a | Wyckoff_multiplicities=1;1;2,2,2,2;1;1 | Wyckoff_site_symmetries=mm2;mm2;m..,m..,m..,m..;mm2;mm2 | anrl_label_orig=ABC8DE_oP12_25_a_d_2g2h_d_a | anrl_parameter_list_orig=a,b/a,c/a,z1,z2,z3,z4,y5,z5,y6,z6,y7,z7,y8,z8 | anrl_parameter_values_orig=4.0972,1.4142097,1.9999756,-8.8817842e-16,0.5,0.75,0.25,0.75,0.75,0.75,0.25,0.25,-4.2000876e-16,0.25,0.5 | anrl_label_relax=ABC8DE_oP12_25_a_d_2g2h_d_a | anrl_parameter_list_relax=a,b/a,c/a,z1,z2,z3,z4,y5,z5,y6,z6,y7,z7,y8,z8 | anrl_parameter_values_relax=3.9242,1.3750573,1.999949,0.98608865,0.51265559,0.25201987,0.74595916,0.77524564,0.24786592,0.74130381,0.75236625,0.24924777,0.98104671,0.25292212,0.52035949 | bader_net_charges=2.2750,2.0939,-1.0911,-1.0961,-1.0708,-1.0922,-1.1471,-1.1368,-1.0896,-1.0972,2.2387,2.2133 | bader_atomic_volumes=15.5811,17.8984,12.7784,12.8492,13.8165,14.0761,13.6982,13.5393,12.3371,12.4383,14.6310,12.5406 | files=ACF.dat.xz,AECCAR0.static.xz,AECCAR2.static.xz,AVF.dat.xz,BCF.dat.xz,CHGCAR.static.xz,CONTCAR.relax,CONTCAR.relax.abinit,CONTCAR.relax.aims,CONTCAR.relax.qe,CONTCAR.relax.vasp,CONTCAR.relax1,CeLaOPrY_sv:PAW_PBE.AB2_cF12_225_a_c.AB:POCC_P0-0.25xA-0.25xB-0.25xD-0.25xE_S1-1xC.cif,CeLaOPrY_sv:PAW_PBE.AB2_cF12_225_a_c.AB:POCC_P0-0.25xA-0.25xB-0.25xD-0.25xE_S1-1xC_Bader_10_Ce.jvxl,CeLaOPrY_sv:PAW_PBE.AB2_cF12_225_a_c.AB:POCC_P0-0.25xA-0.25xB-0.25xD-0.25xE_S1-1xC_Bader_10_La.jvxl,CeLaOPrY_sv:PAW_PBE.AB2_cF12_225_a_c.AB:POCC_P0-0.25xA-0.25xB-0.25xD-0.25xE_S1-1xC_Bader_10_O.jvxl,CeLaOPrY_sv:PAW_PBE.AB2_cF12_225_a_c.AB:POCC_P0-0.25xA-0.25xB-0.25xD-0.25xE_S1-1xC_Bader_10_Pr.jvxl,CeLaOPrY_sv:PAW_PBE.AB2_cF12_225_a_c.AB:POCC_P0-0.25xA-0.25xB-0.25xD-0.25xE_S1-1xC_Bader_10_Y.jvxl,CeLaOPrY_sv:PAW_PBE.AB2_cF12_225_a_c.AB:POCC_P0-0.25xA-0.25xB-0.25xD-0.25xE_S1-1xC_Bader_20_Ce.jvxl,CeLaOPrY_sv:PAW_PBE.AB2_cF12_225_a_c.AB:POCC_P0-0.25xA-0.25xB-0.25xD-0.25xE_S1-1xC_Bader_20_La.jvxl,CeLaOPrY_sv:PAW_PBE.AB2_cF12_225_a_c.AB:POCC_P0-0.25xA-0.25xB-0.25xD-0.25xE_S1-1xC_Bader_20_O.jvxl,CeLaOPrY_sv:PAW_PBE.AB2_cF12_225_a_c.AB:POCC_P0-0.25xA-0.25xB-0.25xD-0.25xE_S1-1xC_Bader_20_Pr.jvxl,CeLaOPrY_sv:PAW_PBE.AB2_cF12_225_a_c.AB:POCC_P0-0.25xA-0.25xB-0.25xD-0.25xE_S1-1xC_Bader_20_Y.jvxl,CeLaOPrY_sv:PAW_PBE.AB2_cF12_225_a_c.AB:POCC_P0-0.25xA-0.25xB-0.25xD-0.25xE_S1-1xC_Bader_25_Ce.jvxl,CeLaOPrY_sv:PAW_PBE.AB2_cF12_225_a_c.AB:POCC_P0-0.25xA-0.25xB-0.25xD-0.25xE_S1-1xC_Bader_25_La.jvxl,CeLaOPrY_sv:PAW_PBE.AB2_cF12_225_a_c.AB:POCC_P0-0.25xA-0.25xB-0.25xD-0.25xE_S1-1xC_Bader_25_O.jvxl,CeLaOPrY_sv:PAW_PBE.AB2_cF12_225_a_c.AB:POCC_P0-0.25xA-0.25xB-0.25xD-0.25xE_S1-1xC_Bader_25_Pr.jvxl,CeLaOPrY_sv:PAW_PBE.AB2_cF12_225_a_c.AB:POCC_P0-0.25xA-0.25xB-0.25xD-0.25xE_S1-1xC_Bader_25_Y.jvxl,CeLaOPrY_sv:PAW_PBE.AB2_cF12_225_a_c.AB:POCC_P0-0.25xA-0.25xB-0.25xD-0.25xE_S1-1xC_Bader_30_Ce.jvxl,CeLaOPrY_sv:PAW_PBE.AB2_cF12_225_a_c.AB:POCC_P0-0.25xA-0.25xB-0.25xD-0.25xE_S1-1xC_Bader_30_La.jvxl,CeLaOPrY_sv:PAW_PBE.AB2_cF12_225_a_c.AB:POCC_P0-0.25xA-0.25xB-0.25xD-0.25xE_S1-1xC_Bader_30_O.jvxl,CeLaOPrY_sv:PAW_PBE.AB2_cF12_225_a_c.AB:POCC_P0-0.25xA-0.25xB-0.25xD-0.25xE_S1-1xC_Bader_30_Pr.jvxl,CeLaOPrY_sv:PAW_PBE.AB2_cF12_225_a_c.AB:POCC_P0-0.25xA-0.25xB-0.25xD-0.25xE_S1-1xC_Bader_30_Y.jvxl,CeLaOPrY_sv:PAW_PBE.AB2_cF12_225_a_c.AB:POCC_P0-0.25xA-0.25xB-0.25xD-0.25xE_S1-1xC_Bader_33_Ce.jvxl,CeLaOPrY_sv:PAW_PBE.AB2_cF12_225_a_c.AB:POCC_P0-0.25xA-0.25xB-0.25xD-0.25xE_S1-1xC_Bader_33_La.jvxl,CeLaOPrY_sv:PAW_PBE.AB2_cF12_225_a_c.AB:POCC_P0-0.25xA-0.25xB-0.25xD-0.25xE_S1-1xC_Bader_33_O.jvxl,CeLaOPrY_sv:PAW_PBE.AB2_cF12_225_a_c.AB:POCC_P0-0.25xA-0.25xB-0.25xD-0.25xE_S1-1xC_Bader_33_Pr.jvxl,CeLaOPrY_sv:PAW_PBE.AB2_cF12_225_a_c.AB:POCC_P0-0.25xA-0.25xB-0.25xD-0.25xE_S1-1xC_Bader_33_Y.jvxl,CeLaOPrY_sv:PAW_PBE.AB2_cF12_225_a_c.AB:POCC_P0-0.25xA-0.25xB-0.25xD-0.25xE_S1-1xC_Bader_40_Ce.jvxl,CeLaOPrY_sv:PAW_PBE.AB2_cF12_225_a_c.AB:POCC_P0-0.25xA-0.25xB-0.25xD-0.25xE_S1-1xC_Bader_40_La.jvxl,CeLaOPrY_sv:PAW_PBE.AB2_cF12_225_a_c.AB:POCC_P0-0.25xA-0.25xB-0.25xD-0.25xE_S1-1xC_Bader_40_O.jvxl,CeLaOPrY_sv:PAW_PBE.AB2_cF12_225_a_c.AB:POCC_P0-0.25xA-0.25xB-0.25xD-0.25xE_S1-1xC_Bader_40_Pr.jvxl,CeLaOPrY_sv:PAW_PBE.AB2_cF12_225_a_c.AB:POCC_P0-0.25xA-0.25xB-0.25xD-0.25xE_S1-1xC_Bader_40_Y.jvxl,CeLaOPrY_sv:PAW_PBE.AB2_cF12_225_a_c.AB:POCC_P0-0.25xA-0.25xB-0.25xD-0.25xE_S1-1xC_Bader_50_Ce.jvxl,CeLaOPrY_sv:PAW_PBE.AB2_cF12_225_a_c.AB:POCC_P0-0.25xA-0.25xB-0.25xD-0.25xE_S1-1xC_Bader_50_La.jvxl,CeLaOPrY_sv:PAW_PBE.AB2_cF12_225_a_c.AB:POCC_P0-0.25xA-0.25xB-0.25xD-0.25xE_S1-1xC_Bader_50_O.jvxl,CeLaOPrY_sv:PAW_PBE.AB2_cF12_225_a_c.AB:POCC_P0-0.25xA-0.25xB-0.25xD-0.25xE_S1-1xC_Bader_50_Pr.jvxl,CeLaOPrY_sv:PAW_PBE.AB2_cF12_225_a_c.AB:POCC_P0-0.25xA-0.25xB-0.25xD-0.25xE_S1-1xC_Bader_50_Y.jvxl,CeLaOPrY_sv:PAW_PBE.AB2_cF12_225_a_c.AB:POCC_P0-0.25xA-0.25xB-0.25xD-0.25xE_S1-1xC_Bader_60_Ce.jvxl,CeLaOPrY_sv:PAW_PBE.AB2_cF12_225_a_c.AB:POCC_P0-0.25xA-0.25xB-0.25xD-0.25xE_S1-1xC_Bader_60_La.jvxl,CeLaOPrY_sv:PAW_PBE.AB2_cF12_225_a_c.AB:POCC_P0-0.25xA-0.25xB-0.25xD-0.25xE_S1-1xC_Bader_60_O.jvxl,CeLaOPrY_sv:PAW_PBE.AB2_cF12_225_a_c.AB:POCC_P0-0.25xA-0.25xB-0.25xD-0.25xE_S1-1xC_Bader_60_Pr.jvxl,CeLaOPrY_sv:PAW_PBE.AB2_cF12_225_a_c.AB:POCC_P0-0.25xA-0.25xB-0.25xD-0.25xE_S1-1xC_Bader_60_Y.jvxl,CeLaOPrY_sv:PAW_PBE.AB2_cF12_225_a_c.AB:POCC_P0-0.25xA-0.25xB-0.25xD-0.25xE_S1-1xC_Bader_67_Ce.jvxl,CeLaOPrY_sv:PAW_PBE.AB2_cF12_225_a_c.AB:POCC_P0-0.25xA-0.25xB-0.25xD-0.25xE_S1-1xC_Bader_67_La.jvxl,CeLaOPrY_sv:PAW_PBE.AB2_cF12_225_a_c.AB:POCC_P0-0.25xA-0.25xB-0.25xD-0.25xE_S1-1xC_Bader_67_O.jvxl,CeLaOPrY_sv:PAW_PBE.AB2_cF12_225_a_c.AB:POCC_P0-0.25xA-0.25xB-0.25xD-0.25xE_S1-1xC_Bader_67_Pr.jvxl,CeLaOPrY_sv:PAW_PBE.AB2_cF12_225_a_c.AB:POCC_P0-0.25xA-0.25xB-0.25xD-0.25xE_S1-1xC_Bader_67_Y.jvxl,CeLaOPrY_sv:PAW_PBE.AB2_cF12_225_a_c.AB:POCC_P0-0.25xA-0.25xB-0.25xD-0.25xE_S1-1xC_Bader_75_Ce.jvxl,CeLaOPrY_sv:PAW_PBE.AB2_cF12_225_a_c.AB:POCC_P0-0.25xA-0.25xB-0.25xD-0.25xE_S1-1xC_Bader_75_La.jvxl,CeLaOPrY_sv:PAW_PBE.AB2_cF12_225_a_c.AB:POCC_P0-0.25xA-0.25xB-0.25xD-0.25xE_S1-1xC_Bader_75_O.jvxl,CeLaOPrY_sv:PAW_PBE.AB2_cF12_225_a_c.AB:POCC_P0-0.25xA-0.25xB-0.25xD-0.25xE_S1-1xC_Bader_75_Pr.jvxl,CeLaOPrY_sv:PAW_PBE.AB2_cF12_225_a_c.AB:POCC_P0-0.25xA-0.25xB-0.25xD-0.25xE_S1-1xC_Bader_75_Y.jvxl,CeLaOPrY_sv:PAW_PBE.AB2_cF12_225_a_c.AB:POCC_P0-0.25xA-0.25xB-0.25xD-0.25xE_S1-1xC_Bader_80_Ce.jvxl,CeLaOPrY_sv:PAW_PBE.AB2_cF12_225_a_c.AB:POCC_P0-0.25xA-0.25xB-0.25xD-0.25xE_S1-1xC_Bader_80_La.jvxl,CeLaOPrY_sv:PAW_PBE.AB2_cF12_225_a_c.AB:POCC_P0-0.25xA-0.25xB-0.25xD-0.25xE_S1-1xC_Bader_80_O.jvxl,CeLaOPrY_sv:PAW_PBE.AB2_cF12_225_a_c.AB:POCC_P0-0.25xA-0.25xB-0.25xD-0.25xE_S1-1xC_Bader_80_Pr.jvxl,CeLaOPrY_sv:PAW_PBE.AB2_cF12_225_a_c.AB:POCC_P0-0.25xA-0.25xB-0.25xD-0.25xE_S1-1xC_Bader_80_Y.jvxl,CeLaOPrY_sv:PAW_PBE.AB2_cF12_225_a_c.AB:POCC_P0-0.25xA-0.25xB-0.25xD-0.25xE_S1-1xC_Bader_90_Ce.jvxl,CeLaOPrY_sv:PAW_PBE.AB2_cF12_225_a_c.AB:POCC_P0-0.25xA-0.25xB-0.25xD-0.25xE_S1-1xC_Bader_90_La.jvxl,CeLaOPrY_sv:PAW_PBE.AB2_cF12_225_a_c.AB:POCC_P0-0.25xA-0.25xB-0.25xD-0.25xE_S1-1xC_Bader_90_O.jvxl,CeLaOPrY_sv:PAW_PBE.AB2_cF12_225_a_c.AB:POCC_P0-0.25xA-0.25xB-0.25xD-0.25xE_S1-1xC_Bader_90_Pr.jvxl,CeLaOPrY_sv:PAW_PBE.AB2_cF12_225_a_c.AB:POCC_P0-0.25xA-0.25xB-0.25xD-0.25xE_S1-1xC_Bader_90_Y.jvxl,CeLaOPrY_sv:PAW_PBE.AB2_cF12_225_a_c.AB:POCC_P0-0.25xA-0.25xB-0.25xD-0.25xE_S1-1xC_abader.out,CeLaOPrY_sv:PAW_PBE.AB2_cF12_225_a_c.AB:POCC_P0-0.25xA-0.25xB-0.25xD-0.25xE_S1-1xC_corner.cif,CeLaOPrY_sv:PAW_PBE.AB2_cF12_225_a_c.AB:POCC_P0-0.25xA-0.25xB-0.25xD-0.25xE_S1-1xC_dos.png,CeLaOPrY_sv:PAW_PBE.AB2_cF12_225_a_c.AB:POCC_P0-0.25xA-0.25xB-0.25xD-0.25xE_S1-1xC_dos_Ce_1.png,CeLaOPrY_sv:PAW_PBE.AB2_cF12_225_a_c.AB:POCC_P0-0.25xA-0.25xB-0.25xD-0.25xE_S1-1xC_dos_La_2.png,CeLaOPrY_sv:PAW_PBE.AB2_cF12_225_a_c.AB:POCC_P0-0.25xA-0.25xB-0.25xD-0.25xE_S1-1xC_dos_O_3.png,CeLaOPrY_sv:PAW_PBE.AB2_cF12_225_a_c.AB:POCC_P0-0.25xA-0.25xB-0.25xD-0.25xE_S1-1xC_dos_O_5.png,CeLaOPrY_sv:PAW_PBE.AB2_cF12_225_a_c.AB:POCC_P0-0.25xA-0.25xB-0.25xD-0.25xE_S1-1xC_dos_O_7.png,CeLaOPrY_sv:PAW_PBE.AB2_cF12_225_a_c.AB:POCC_P0-0.25xA-0.25xB-0.25xD-0.25xE_S1-1xC_dos_O_9.png,CeLaOPrY_sv:PAW_PBE.AB2_cF12_225_a_c.AB:POCC_P0-0.25xA-0.25xB-0.25xD-0.25xE_S1-1xC_dos_Pr_11.png,CeLaOPrY_sv:PAW_PBE.AB2_cF12_225_a_c.AB:POCC_P0-0.25xA-0.25xB-0.25xD-0.25xE_S1-1xC_dos_Y_12.png,CeLaOPrY_sv:PAW_PBE.AB2_cF12_225_a_c.AB:POCC_P0-0.25xA-0.25xB-0.25xD-0.25xE_S1-1xC_dosdata.json.xz,CeLaOPrY_sv:PAW_PBE.AB2_cF12_225_a_c.AB:POCC_P0-0.25xA-0.25xB-0.25xD-0.25xE_S1-1xC_sconv.cif,CeLaOPrY_sv:PAW_PBE.AB2_cF12_225_a_c.AB:POCC_P0-0.25xA-0.25xB-0.25xD-0.25xE_S1-1xC_sconv_corner.cif,CeLaOPrY_sv:PAW_PBE.AB2_cF12_225_a_c.AB:POCC_P0-0.25xA-0.25xB-0.25xD-0.25xE_S1-1xC_sprim.cif,CeLaOPrY_sv:PAW_PBE.AB2_cF12_225_a_c.AB:POCC_P0-0.25xA-0.25xB-0.25xD-0.25xE_S1-1xC_sprim_corner.cif,CeLaOPrY_sv:PAW_PBE.AB2_cF12_225_a_c.AB:POCC_P0-0.25xA-0.25xB-0.25xD-0.25xE_S1-1xC_structure_relax.json,CeLaOPrY_sv:PAW_PBE.AB2_cF12_225_a_c.AB:POCC_P0-0.25xA-0.25xB-0.25xD-0.25xE_S1-1xC_structure_relax1.json,DOSCAR.static.xz,KPOINTS.relax,KPOINTS.static,LOCK,OSZICAR.static,OUTCAR.relax.xz,OUTCAR.static.xz,POSCAR.orig,POSCAR.static,aflow.CHGCAR_sum.xz,aflow.agroup.orig.json.xz,aflow.agroup.orig.out.xz,aflow.agroup.relax.json.xz,aflow.agroup.relax.out.xz,aflow.fgroup.orig.json.xz,aflow.fgroup.orig.out.xz,aflow.fgroup.relax.json.xz,aflow.fgroup.relax.out.xz,aflow.iatoms.orig.json.xz,aflow.iatoms.orig.out.xz,aflow.iatoms.relax.json.xz,aflow.iatoms.relax.out.xz,aflow.in,aflow.pgroup.orig.json.xz,aflow.pgroup.orig.out.xz,aflow.pgroup.relax.json.xz,aflow.pgroup.relax.out.xz,aflow.pgroup_xtal.orig.json.xz,aflow.pgroup_xtal.orig.out.xz,aflow.pgroup_xtal.relax.json.xz,aflow.pgroup_xtal.relax.out.xz,aflow.pgroupk.orig.json.xz,aflow.pgroupk.orig.out.xz,aflow.pgroupk.relax.json.xz,aflow.pgroupk.relax.out.xz,aflow.pgroupk_Patterson.orig.json.xz,aflow.pgroupk_Patterson.orig.out.xz,aflow.pgroupk_Patterson.relax.json.xz,aflow.pgroupk_Patterson.relax.out.xz,aflow.pgroupk_xtal.orig.json.xz,aflow.pgroupk_xtal.orig.out.xz,aflow.pgroupk_xtal.relax.json.xz,aflow.pgroupk_xtal.relax.out.xz,edata.orig.json,edata.orig.out,edata.relax.json,edata.relax.out,index.php | node_CPU_Model=AMD_Opteron(TM)_Processor_6274___ | node_CPU_Cores=64 | node_CPU_MHz=1400 | node_RAM_GB=253 | aflow_version=aflow3.2.6 | catalog=LIB5 | aflowlib_version=3.2.6 | aflowlib_date=20210118_15:04:04_GMT-5,20210119_02:29:08_GMT-5,20210128_10:29:15_GMT-5