aurl=aflowlib.duke.edu:AFLOWDATA/LIB6_RAW/Cr_pvCu_pvMo_pvNNi_pvV_sv:PAW_PBE/AB_cF8_225_a_b.AB:POCC_P0-1xD_P1-0.2xA-0.2xB-0.2xC-0.2xE-0.2xF/ARUN.POCC_36_H2C14 | auid=aflow:1a2f368a3f313e43 | data_api=aapi1.2 | data_source=aflowlib | loop=bader,lock,magnetic,static,thermodynamics | code=vasp.5.4.4.18Apr17-6-g9f103f2a35 | compound=Cr1Cu1Mo1N5Ni1V1 | prototype=ARUN.POCC_36_H2C14 | nspecies=6 | natoms=10 | natoms_orig=10 | composition=1,1,1,5,1,1 | density=5.9259 | density_orig=6.01113 | scintillation_attenuation_length=2.03926 | stoichiometry=0.1,0.1,0.1,0.5,0.1,0.1 | species=Cr,Cu,Mo,N,Ni,V | species_pp=Cr_pv,Cu_pv,Mo_pv,N,Ni_pv,V_sv | dft_type=PAW_PBE | species_pp_version=Cr_pv:PAW_PBE:07Sep2000,Cu_pv:PAW_PBE:06Sep2000,Mo_pv:PAW_PBE:08Apr2002,N:PAW_PBE:08Apr2002,Ni_pv:PAW_PBE:06Sep2000,V_sv:PAW_PBE:07Sep2000 | species_pp_ZVAL=12,17,12,5,16,13 | species_pp_AUID=f020a26862c0a532,62263cf2c885649c,444a5f723c4c0576,3cd4003f27559a49,ead949d4e6fa93d1,94da8dda3e65c762 | valence_cell_iupac=50 | valence_cell_std=63 | volume_cell=109.606 | volume_atom=10.9606 | volume_cell_orig=108.052 | volume_atom_orig=10.8052 | pressure=0 | stress_tensor=-0.67558,0,0,0,-0.67343,-0.22305,0,-0.22305,-0.21033 | pressure_residual=-0.52 | Pulay_stress=0 | geometry=4.9476769,4.9476769,8.3274734,83.961702,83.961702,32.747294 | geometry_orig=4.9338312,4.9338312,8.2935036,81.459726,81.459726,32.802402 | energy_cell=-82.4592 | energy_atom=-8.24592 | energy_cutoff=560 | delta_electronic_energy_convergence=-1.71063e-07 | delta_electronic_energy_threshold=1e-06 | kpoints_relax=15,15,4 | kpoints=15,15,4 | enthalpy_cell=-82.4592 | enthalpy_atom=-8.24592 | eentropy_cell=0.00135751 | eentropy_atom=0.000135751 | enthalpy_formation_cell=-1.40261 | enthalpy_formation_atom=-0.140261 | entropic_temperature=1086.65 | PV_cell=0 | PV_atom=0 | spin_cell=0 | spin_atom=0 | spinD=0,0,0,0,0,0,0,0,0,0 | spinF=0 | stoich=0.1      0.1      0.1      0.5      0.1      0.1 | calculation_time=12539.7 | calculation_memory=0 | calculation_cores=1 | nbondxx=2.7895,2.748,2.6671,1.8743,4.3315,3.2852,2.7895,3.5871,2.0316,2.6412,3.3452,2.7895,2.0529,3.2264,3.0746,2.5828,1.9408,1.8121,2.7895,2.6293,2.7895 | sg=Cm #8,Cm #8,Cm #8 | sg2=Cm #8,Cm #8,Cm #8 | spacegroup_orig=8 | spacegroup_relax=8 | forces=0,-0.005403,0.012921;0,-0.002267,0.000577;0,0.002432,-0.005555;0,0.000888,-0.008361;0,-0.006705,0.00456;0,-0.001168,0.003919;0,-0.001407,0.001635;0,0.006709,-0.007407;0,0.00355,-0.004397;0,0.003372,0.002108 | positions_cartesian=0,8.82533,0.48713;0,8.44365,6.42769;0,2.00888,1.5333;0,8.18585,2.24893;0,4.06159,7.96876;0,0.97032,3.68556;0,5.39873,0.72438;0,3.36218,5.09703;0,6.83402,4.33371;0,4.32128,3.5596 | positions_fractional=0.92017188,0.92017188,0.083064139;0.79686152,0.79686152,0.79952665;0.18952958,0.18952958,0.19070864;0.82832113,0.82832113,0.29410103;0.31498968,0.31498968,0.97362958;0.050290583,0.050290583,0.44781181;0.55692442,0.55692442,0.10231205;0.2817547,0.2817547,0.62485687;0.65712248,0.65712248,0.54219281;0.40403402,0.40403402,0.44179643 | Bravais_lattice_orig=MCLC | lattice_variation_orig=MCLC1 | lattice_system_orig=monoclinic | Pearson_symbol_orig=mS20 | Bravais_lattice_relax=MCLC | lattice_variation_relax=MCLC1 | lattice_system_relax=monoclinic | Pearson_symbol_relax=mS20 | crystal_family_orig=monoclinic | crystal_system_orig=monoclinic | crystal_class_orig=monoclinic-domatic | point_group_Hermann_Mauguin_orig=m | point_group_Schoenflies_orig=C_S | point_group_orbifold_orig=1* | point_group_type_orig=polar | point_group_order_orig=2 | point_group_structure_orig=cyclic | Bravais_lattice_lattice_type_orig=MCLC | Bravais_lattice_lattice_variation_type_orig=MCLC1 | Bravais_lattice_lattice_system_orig=monoclinic | Bravais_superlattice_lattice_type_orig=MCLC | Bravais_superlattice_lattice_variation_type_orig=MCLC1 | Bravais_superlattice_lattice_system_orig=monoclinic | Pearson_symbol_superlattice_orig=mS20 | reciprocal_geometry_orig=2.3530252,2.3530252,0.76684743,92.533343,92.533343,146.81923 | reciprocal_volume_cell_orig=2.29565 | reciprocal_lattice_type_orig=MCLC | reciprocal_lattice_variation_type_orig=MCLC3 | Wyckoff_letters_orig=a;a;a;a,a,a,a,a;a;a | Wyckoff_multiplicities_orig=2;2;2;2,2,2,2,2;2;2 | Wyckoff_site_symmetries_orig=m;m;m;m,m,m,m,m;m;m | crystal_family=monoclinic | crystal_system=monoclinic | crystal_class=monoclinic-domatic | point_group_Hermann_Mauguin=m | point_group_Schoenflies=C_S | point_group_orbifold=1* | point_group_type=polar | point_group_order=2 | point_group_structure=cyclic | Bravais_lattice_lattice_type=MCLC | Bravais_lattice_lattice_variation_type=MCLC1 | Bravais_lattice_lattice_system=monoclinic | Bravais_superlattice_lattice_type=MCLC | Bravais_superlattice_lattice_variation_type=MCLC1 | Bravais_superlattice_lattice_system=monoclinic | Pearson_symbol_superlattice=mS20 | reciprocal_geometry=2.3487863,2.3487863,0.75908906,91.781035,91.781035,147.06482 | reciprocal_volume_cell=2.26311 | reciprocal_lattice_type=MCLC | reciprocal_lattice_variation_type=MCLC3 | Wyckoff_letters=a;a;a;a,a,a,a,a;a;a | Wyckoff_multiplicities=2;2;2;2,2,2,2,2;2;2 | Wyckoff_site_symmetries=m;m;m;m,m,m,m,m;m;m | aflow_prototype_label_orig=ABCD5EF_mC20_8_a_a_a_5a_a_a | aflow_prototype_parameter_list_orig=a,b/a,c/a,beta,x1,z1,x2,z2,x3,z3,x4,z4,x5,z5,x6,z6,x7,z7,x8,z8,x9,z9,x10,z10 | aflow_prototype_parameter_values_orig=9.4661,0.29433452,0.87612639,81.0946,0.92796624,0.078319877,0.78641733,0.80318204,0.19286113,0.19296463,0.83191455,0.29360147,0.32424422,0.9709655,0.046568402,0.45081868,0.56725848,0.094587233,0.27138167,0.62888489,0.65108144,0.54374271,0.40030654,0.44293297 | aflow_prototype_label_relax=ABCD5EF_mC20_8_a_a_a_5a_a_a | aflow_prototype_parameter_list_relax=a,b/a,c/a,beta,x1,z1,x2,z2,x3,z3,x4,z4,x5,z5,x6,z6,x7,z7,x8,z8,x9,z9,x10,z10 | aflow_prototype_parameter_values_relax=9.494,0.29381715,0.87713293,83.7054,0.079828118,0.91693586,0.20313848,0.20047335,0.81047042,0.80929136,0.17167887,0.70589897,0.68501032,0.026370418,0.94970942,0.55218819,0.44307558,0.89768795,0.7182453,0.37514313,0.34287752,0.45780719,0.59596598,0.55820357 | bader_net_charges=1.4364,0.8387,1.6065,-1.3798,-1.2302,-1.3013,-1.2829,-1.1854,0.7600,1.7380 | bader_atomic_volumes=8.6474,13.9702,11.1471,9.5500,11.5646,11.0944,12.2445,11.5333,11.9662,7.8884 | files=ACF.dat.xz,AECCAR0.static.xz,AECCAR2.static.xz,AVF.dat.xz,BCF.dat.xz,CHGCAR.static.xz,CONTCAR.relax,CONTCAR.relax.abinit,CONTCAR.relax.aims,CONTCAR.relax.qe,CONTCAR.relax.vasp,CONTCAR.relax1,Cr_pvCu_pvMo_pvNNi_pvV_sv:PAW_PBE.AB_cF8_225_a_b.AB:POCC_P0-1xD_P1-0.2xA-0.2xB-0.2xC-0.2xE-0.2xF.cif,Cr_pvCu_pvMo_pvNNi_pvV_sv:PAW_PBE.AB_cF8_225_a_b.AB:POCC_P0-1xD_P1-0.2xA-0.2xB-0.2xC-0.2xE-0.2xF_Bader_10_Cr.jvxl,Cr_pvCu_pvMo_pvNNi_pvV_sv:PAW_PBE.AB_cF8_225_a_b.AB:POCC_P0-1xD_P1-0.2xA-0.2xB-0.2xC-0.2xE-0.2xF_Bader_10_Cu.jvxl,Cr_pvCu_pvMo_pvNNi_pvV_sv:PAW_PBE.AB_cF8_225_a_b.AB:POCC_P0-1xD_P1-0.2xA-0.2xB-0.2xC-0.2xE-0.2xF_Bader_10_Mo.jvxl,Cr_pvCu_pvMo_pvNNi_pvV_sv:PAW_PBE.AB_cF8_225_a_b.AB:POCC_P0-1xD_P1-0.2xA-0.2xB-0.2xC-0.2xE-0.2xF_Bader_10_N.jvxl,Cr_pvCu_pvMo_pvNNi_pvV_sv:PAW_PBE.AB_cF8_225_a_b.AB:POCC_P0-1xD_P1-0.2xA-0.2xB-0.2xC-0.2xE-0.2xF_Bader_10_Ni.jvxl,Cr_pvCu_pvMo_pvNNi_pvV_sv:PAW_PBE.AB_cF8_225_a_b.AB:POCC_P0-1xD_P1-0.2xA-0.2xB-0.2xC-0.2xE-0.2xF_Bader_10_V.jvxl,Cr_pvCu_pvMo_pvNNi_pvV_sv:PAW_PBE.AB_cF8_225_a_b.AB:POCC_P0-1xD_P1-0.2xA-0.2xB-0.2xC-0.2xE-0.2xF_Bader_20_Cr.jvxl,Cr_pvCu_pvMo_pvNNi_pvV_sv:PAW_PBE.AB_cF8_225_a_b.AB:POCC_P0-1xD_P1-0.2xA-0.2xB-0.2xC-0.2xE-0.2xF_Bader_20_Cu.jvxl,Cr_pvCu_pvMo_pvNNi_pvV_sv:PAW_PBE.AB_cF8_225_a_b.AB:POCC_P0-1xD_P1-0.2xA-0.2xB-0.2xC-0.2xE-0.2xF_Bader_20_Mo.jvxl,Cr_pvCu_pvMo_pvNNi_pvV_sv:PAW_PBE.AB_cF8_225_a_b.AB:POCC_P0-1xD_P1-0.2xA-0.2xB-0.2xC-0.2xE-0.2xF_Bader_20_N.jvxl,Cr_pvCu_pvMo_pvNNi_pvV_sv:PAW_PBE.AB_cF8_225_a_b.AB:POCC_P0-1xD_P1-0.2xA-0.2xB-0.2xC-0.2xE-0.2xF_Bader_20_Ni.jvxl,Cr_pvCu_pvMo_pvNNi_pvV_sv:PAW_PBE.AB_cF8_225_a_b.AB:POCC_P0-1xD_P1-0.2xA-0.2xB-0.2xC-0.2xE-0.2xF_Bader_20_V.jvxl,Cr_pvCu_pvMo_pvNNi_pvV_sv:PAW_PBE.AB_cF8_225_a_b.AB:POCC_P0-1xD_P1-0.2xA-0.2xB-0.2xC-0.2xE-0.2xF_Bader_25_Cr.jvxl,Cr_pvCu_pvMo_pvNNi_pvV_sv:PAW_PBE.AB_cF8_225_a_b.AB:POCC_P0-1xD_P1-0.2xA-0.2xB-0.2xC-0.2xE-0.2xF_Bader_25_Cu.jvxl,Cr_pvCu_pvMo_pvNNi_pvV_sv:PAW_PBE.AB_cF8_225_a_b.AB:POCC_P0-1xD_P1-0.2xA-0.2xB-0.2xC-0.2xE-0.2xF_Bader_25_Mo.jvxl,Cr_pvCu_pvMo_pvNNi_pvV_sv:PAW_PBE.AB_cF8_225_a_b.AB:POCC_P0-1xD_P1-0.2xA-0.2xB-0.2xC-0.2xE-0.2xF_Bader_25_N.jvxl,Cr_pvCu_pvMo_pvNNi_pvV_sv:PAW_PBE.AB_cF8_225_a_b.AB:POCC_P0-1xD_P1-0.2xA-0.2xB-0.2xC-0.2xE-0.2xF_Bader_25_Ni.jvxl,Cr_pvCu_pvMo_pvNNi_pvV_sv:PAW_PBE.AB_cF8_225_a_b.AB:POCC_P0-1xD_P1-0.2xA-0.2xB-0.2xC-0.2xE-0.2xF_Bader_25_V.jvxl,Cr_pvCu_pvMo_pvNNi_pvV_sv:PAW_PBE.AB_cF8_225_a_b.AB:POCC_P0-1xD_P1-0.2xA-0.2xB-0.2xC-0.2xE-0.2xF_Bader_30_Cr.jvxl,Cr_pvCu_pvMo_pvNNi_pvV_sv:PAW_PBE.AB_cF8_225_a_b.AB:POCC_P0-1xD_P1-0.2xA-0.2xB-0.2xC-0.2xE-0.2xF_Bader_30_Cu.jvxl,Cr_pvCu_pvMo_pvNNi_pvV_sv:PAW_PBE.AB_cF8_225_a_b.AB:POCC_P0-1xD_P1-0.2xA-0.2xB-0.2xC-0.2xE-0.2xF_Bader_30_Mo.jvxl,Cr_pvCu_pvMo_pvNNi_pvV_sv:PAW_PBE.AB_cF8_225_a_b.AB:POCC_P0-1xD_P1-0.2xA-0.2xB-0.2xC-0.2xE-0.2xF_Bader_30_N.jvxl,Cr_pvCu_pvMo_pvNNi_pvV_sv:PAW_PBE.AB_cF8_225_a_b.AB:POCC_P0-1xD_P1-0.2xA-0.2xB-0.2xC-0.2xE-0.2xF_Bader_30_Ni.jvxl,Cr_pvCu_pvMo_pvNNi_pvV_sv:PAW_PBE.AB_cF8_225_a_b.AB:POCC_P0-1xD_P1-0.2xA-0.2xB-0.2xC-0.2xE-0.2xF_Bader_30_V.jvxl,Cr_pvCu_pvMo_pvNNi_pvV_sv:PAW_PBE.AB_cF8_225_a_b.AB:POCC_P0-1xD_P1-0.2xA-0.2xB-0.2xC-0.2xE-0.2xF_Bader_33_Cr.jvxl,Cr_pvCu_pvMo_pvNNi_pvV_sv:PAW_PBE.AB_cF8_225_a_b.AB:POCC_P0-1xD_P1-0.2xA-0.2xB-0.2xC-0.2xE-0.2xF_Bader_33_Cu.jvxl,Cr_pvCu_pvMo_pvNNi_pvV_sv:PAW_PBE.AB_cF8_225_a_b.AB:POCC_P0-1xD_P1-0.2xA-0.2xB-0.2xC-0.2xE-0.2xF_Bader_33_Mo.jvxl,Cr_pvCu_pvMo_pvNNi_pvV_sv:PAW_PBE.AB_cF8_225_a_b.AB:POCC_P0-1xD_P1-0.2xA-0.2xB-0.2xC-0.2xE-0.2xF_Bader_33_N.jvxl,Cr_pvCu_pvMo_pvNNi_pvV_sv:PAW_PBE.AB_cF8_225_a_b.AB:POCC_P0-1xD_P1-0.2xA-0.2xB-0.2xC-0.2xE-0.2xF_Bader_33_Ni.jvxl,Cr_pvCu_pvMo_pvNNi_pvV_sv:PAW_PBE.AB_cF8_225_a_b.AB:POCC_P0-1xD_P1-0.2xA-0.2xB-0.2xC-0.2xE-0.2xF_Bader_33_V.jvxl,Cr_pvCu_pvMo_pvNNi_pvV_sv:PAW_PBE.AB_cF8_225_a_b.AB:POCC_P0-1xD_P1-0.2xA-0.2xB-0.2xC-0.2xE-0.2xF_Bader_40_Cr.jvxl,Cr_pvCu_pvMo_pvNNi_pvV_sv:PAW_PBE.AB_cF8_225_a_b.AB:POCC_P0-1xD_P1-0.2xA-0.2xB-0.2xC-0.2xE-0.2xF_Bader_40_Cu.jvxl,Cr_pvCu_pvMo_pvNNi_pvV_sv:PAW_PBE.AB_cF8_225_a_b.AB:POCC_P0-1xD_P1-0.2xA-0.2xB-0.2xC-0.2xE-0.2xF_Bader_40_Mo.jvxl,Cr_pvCu_pvMo_pvNNi_pvV_sv:PAW_PBE.AB_cF8_225_a_b.AB:POCC_P0-1xD_P1-0.2xA-0.2xB-0.2xC-0.2xE-0.2xF_Bader_40_N.jvxl,Cr_pvCu_pvMo_pvNNi_pvV_sv:PAW_PBE.AB_cF8_225_a_b.AB:POCC_P0-1xD_P1-0.2xA-0.2xB-0.2xC-0.2xE-0.2xF_Bader_40_Ni.jvxl,Cr_pvCu_pvMo_pvNNi_pvV_sv:PAW_PBE.AB_cF8_225_a_b.AB:POCC_P0-1xD_P1-0.2xA-0.2xB-0.2xC-0.2xE-0.2xF_Bader_40_V.jvxl,Cr_pvCu_pvMo_pvNNi_pvV_sv:PAW_PBE.AB_cF8_225_a_b.AB:POCC_P0-1xD_P1-0.2xA-0.2xB-0.2xC-0.2xE-0.2xF_Bader_50_Cr.jvxl,Cr_pvCu_pvMo_pvNNi_pvV_sv:PAW_PBE.AB_cF8_225_a_b.AB:POCC_P0-1xD_P1-0.2xA-0.2xB-0.2xC-0.2xE-0.2xF_Bader_50_Cu.jvxl,Cr_pvCu_pvMo_pvNNi_pvV_sv:PAW_PBE.AB_cF8_225_a_b.AB:POCC_P0-1xD_P1-0.2xA-0.2xB-0.2xC-0.2xE-0.2xF_Bader_50_Mo.jvxl,Cr_pvCu_pvMo_pvNNi_pvV_sv:PAW_PBE.AB_cF8_225_a_b.AB:POCC_P0-1xD_P1-0.2xA-0.2xB-0.2xC-0.2xE-0.2xF_Bader_50_N.jvxl,Cr_pvCu_pvMo_pvNNi_pvV_sv:PAW_PBE.AB_cF8_225_a_b.AB:POCC_P0-1xD_P1-0.2xA-0.2xB-0.2xC-0.2xE-0.2xF_Bader_50_Ni.jvxl,Cr_pvCu_pvMo_pvNNi_pvV_sv:PAW_PBE.AB_cF8_225_a_b.AB:POCC_P0-1xD_P1-0.2xA-0.2xB-0.2xC-0.2xE-0.2xF_Bader_50_V.jvxl,Cr_pvCu_pvMo_pvNNi_pvV_sv:PAW_PBE.AB_cF8_225_a_b.AB:POCC_P0-1xD_P1-0.2xA-0.2xB-0.2xC-0.2xE-0.2xF_Bader_60_Cr.jvxl,Cr_pvCu_pvMo_pvNNi_pvV_sv:PAW_PBE.AB_cF8_225_a_b.AB:POCC_P0-1xD_P1-0.2xA-0.2xB-0.2xC-0.2xE-0.2xF_Bader_60_Cu.jvxl,Cr_pvCu_pvMo_pvNNi_pvV_sv:PAW_PBE.AB_cF8_225_a_b.AB:POCC_P0-1xD_P1-0.2xA-0.2xB-0.2xC-0.2xE-0.2xF_Bader_60_Mo.jvxl,Cr_pvCu_pvMo_pvNNi_pvV_sv:PAW_PBE.AB_cF8_225_a_b.AB:POCC_P0-1xD_P1-0.2xA-0.2xB-0.2xC-0.2xE-0.2xF_Bader_60_N.jvxl,Cr_pvCu_pvMo_pvNNi_pvV_sv:PAW_PBE.AB_cF8_225_a_b.AB:POCC_P0-1xD_P1-0.2xA-0.2xB-0.2xC-0.2xE-0.2xF_Bader_60_Ni.jvxl,Cr_pvCu_pvMo_pvNNi_pvV_sv:PAW_PBE.AB_cF8_225_a_b.AB:POCC_P0-1xD_P1-0.2xA-0.2xB-0.2xC-0.2xE-0.2xF_Bader_60_V.jvxl,Cr_pvCu_pvMo_pvNNi_pvV_sv:PAW_PBE.AB_cF8_225_a_b.AB:POCC_P0-1xD_P1-0.2xA-0.2xB-0.2xC-0.2xE-0.2xF_Bader_67_Cr.jvxl,Cr_pvCu_pvMo_pvNNi_pvV_sv:PAW_PBE.AB_cF8_225_a_b.AB:POCC_P0-1xD_P1-0.2xA-0.2xB-0.2xC-0.2xE-0.2xF_Bader_67_Cu.jvxl,Cr_pvCu_pvMo_pvNNi_pvV_sv:PAW_PBE.AB_cF8_225_a_b.AB:POCC_P0-1xD_P1-0.2xA-0.2xB-0.2xC-0.2xE-0.2xF_Bader_67_Mo.jvxl,Cr_pvCu_pvMo_pvNNi_pvV_sv:PAW_PBE.AB_cF8_225_a_b.AB:POCC_P0-1xD_P1-0.2xA-0.2xB-0.2xC-0.2xE-0.2xF_Bader_67_N.jvxl,Cr_pvCu_pvMo_pvNNi_pvV_sv:PAW_PBE.AB_cF8_225_a_b.AB:POCC_P0-1xD_P1-0.2xA-0.2xB-0.2xC-0.2xE-0.2xF_Bader_67_Ni.jvxl,Cr_pvCu_pvMo_pvNNi_pvV_sv:PAW_PBE.AB_cF8_225_a_b.AB:POCC_P0-1xD_P1-0.2xA-0.2xB-0.2xC-0.2xE-0.2xF_Bader_67_V.jvxl,Cr_pvCu_pvMo_pvNNi_pvV_sv:PAW_PBE.AB_cF8_225_a_b.AB:POCC_P0-1xD_P1-0.2xA-0.2xB-0.2xC-0.2xE-0.2xF_Bader_75_Cr.jvxl,Cr_pvCu_pvMo_pvNNi_pvV_sv:PAW_PBE.AB_cF8_225_a_b.AB:POCC_P0-1xD_P1-0.2xA-0.2xB-0.2xC-0.2xE-0.2xF_Bader_75_Cu.jvxl,Cr_pvCu_pvMo_pvNNi_pvV_sv:PAW_PBE.AB_cF8_225_a_b.AB:POCC_P0-1xD_P1-0.2xA-0.2xB-0.2xC-0.2xE-0.2xF_Bader_75_Mo.jvxl,Cr_pvCu_pvMo_pvNNi_pvV_sv:PAW_PBE.AB_cF8_225_a_b.AB:POCC_P0-1xD_P1-0.2xA-0.2xB-0.2xC-0.2xE-0.2xF_Bader_75_N.jvxl,Cr_pvCu_pvMo_pvNNi_pvV_sv:PAW_PBE.AB_cF8_225_a_b.AB:POCC_P0-1xD_P1-0.2xA-0.2xB-0.2xC-0.2xE-0.2xF_Bader_75_Ni.jvxl,Cr_pvCu_pvMo_pvNNi_pvV_sv:PAW_PBE.AB_cF8_225_a_b.AB:POCC_P0-1xD_P1-0.2xA-0.2xB-0.2xC-0.2xE-0.2xF_Bader_75_V.jvxl,Cr_pvCu_pvMo_pvNNi_pvV_sv:PAW_PBE.AB_cF8_225_a_b.AB:POCC_P0-1xD_P1-0.2xA-0.2xB-0.2xC-0.2xE-0.2xF_Bader_80_Cr.jvxl,Cr_pvCu_pvMo_pvNNi_pvV_sv:PAW_PBE.AB_cF8_225_a_b.AB:POCC_P0-1xD_P1-0.2xA-0.2xB-0.2xC-0.2xE-0.2xF_Bader_80_Cu.jvxl,Cr_pvCu_pvMo_pvNNi_pvV_sv:PAW_PBE.AB_cF8_225_a_b.AB:POCC_P0-1xD_P1-0.2xA-0.2xB-0.2xC-0.2xE-0.2xF_Bader_80_Mo.jvxl,Cr_pvCu_pvMo_pvNNi_pvV_sv:PAW_PBE.AB_cF8_225_a_b.AB:POCC_P0-1xD_P1-0.2xA-0.2xB-0.2xC-0.2xE-0.2xF_Bader_80_N.jvxl,Cr_pvCu_pvMo_pvNNi_pvV_sv:PAW_PBE.AB_cF8_225_a_b.AB:POCC_P0-1xD_P1-0.2xA-0.2xB-0.2xC-0.2xE-0.2xF_Bader_80_Ni.jvxl,Cr_pvCu_pvMo_pvNNi_pvV_sv:PAW_PBE.AB_cF8_225_a_b.AB:POCC_P0-1xD_P1-0.2xA-0.2xB-0.2xC-0.2xE-0.2xF_Bader_80_V.jvxl,Cr_pvCu_pvMo_pvNNi_pvV_sv:PAW_PBE.AB_cF8_225_a_b.AB:POCC_P0-1xD_P1-0.2xA-0.2xB-0.2xC-0.2xE-0.2xF_Bader_90_Cr.jvxl,Cr_pvCu_pvMo_pvNNi_pvV_sv:PAW_PBE.AB_cF8_225_a_b.AB:POCC_P0-1xD_P1-0.2xA-0.2xB-0.2xC-0.2xE-0.2xF_Bader_90_Cu.jvxl,Cr_pvCu_pvMo_pvNNi_pvV_sv:PAW_PBE.AB_cF8_225_a_b.AB:POCC_P0-1xD_P1-0.2xA-0.2xB-0.2xC-0.2xE-0.2xF_Bader_90_Mo.jvxl,Cr_pvCu_pvMo_pvNNi_pvV_sv:PAW_PBE.AB_cF8_225_a_b.AB:POCC_P0-1xD_P1-0.2xA-0.2xB-0.2xC-0.2xE-0.2xF_Bader_90_N.jvxl,Cr_pvCu_pvMo_pvNNi_pvV_sv:PAW_PBE.AB_cF8_225_a_b.AB:POCC_P0-1xD_P1-0.2xA-0.2xB-0.2xC-0.2xE-0.2xF_Bader_90_Ni.jvxl,Cr_pvCu_pvMo_pvNNi_pvV_sv:PAW_PBE.AB_cF8_225_a_b.AB:POCC_P0-1xD_P1-0.2xA-0.2xB-0.2xC-0.2xE-0.2xF_Bader_90_V.jvxl,Cr_pvCu_pvMo_pvNNi_pvV_sv:PAW_PBE.AB_cF8_225_a_b.AB:POCC_P0-1xD_P1-0.2xA-0.2xB-0.2xC-0.2xE-0.2xF_abader.out,Cr_pvCu_pvMo_pvNNi_pvV_sv:PAW_PBE.AB_cF8_225_a_b.AB:POCC_P0-1xD_P1-0.2xA-0.2xB-0.2xC-0.2xE-0.2xF_corner.cif,Cr_pvCu_pvMo_pvNNi_pvV_sv:PAW_PBE.AB_cF8_225_a_b.AB:POCC_P0-1xD_P1-0.2xA-0.2xB-0.2xC-0.2xE-0.2xF_dos.png,Cr_pvCu_pvMo_pvNNi_pvV_sv:PAW_PBE.AB_cF8_225_a_b.AB:POCC_P0-1xD_P1-0.2xA-0.2xB-0.2xC-0.2xE-0.2xF_dos_Cr_1.png,Cr_pvCu_pvMo_pvNNi_pvV_sv:PAW_PBE.AB_cF8_225_a_b.AB:POCC_P0-1xD_P1-0.2xA-0.2xB-0.2xC-0.2xE-0.2xF_dos_Cu_2.png,Cr_pvCu_pvMo_pvNNi_pvV_sv:PAW_PBE.AB_cF8_225_a_b.AB:POCC_P0-1xD_P1-0.2xA-0.2xB-0.2xC-0.2xE-0.2xF_dos_Mo_3.png,Cr_pvCu_pvMo_pvNNi_pvV_sv:PAW_PBE.AB_cF8_225_a_b.AB:POCC_P0-1xD_P1-0.2xA-0.2xB-0.2xC-0.2xE-0.2xF_dos_N_4.png,Cr_pvCu_pvMo_pvNNi_pvV_sv:PAW_PBE.AB_cF8_225_a_b.AB:POCC_P0-1xD_P1-0.2xA-0.2xB-0.2xC-0.2xE-0.2xF_dos_N_5.png,Cr_pvCu_pvMo_pvNNi_pvV_sv:PAW_PBE.AB_cF8_225_a_b.AB:POCC_P0-1xD_P1-0.2xA-0.2xB-0.2xC-0.2xE-0.2xF_dos_N_6.png,Cr_pvCu_pvMo_pvNNi_pvV_sv:PAW_PBE.AB_cF8_225_a_b.AB:POCC_P0-1xD_P1-0.2xA-0.2xB-0.2xC-0.2xE-0.2xF_dos_N_7.png,Cr_pvCu_pvMo_pvNNi_pvV_sv:PAW_PBE.AB_cF8_225_a_b.AB:POCC_P0-1xD_P1-0.2xA-0.2xB-0.2xC-0.2xE-0.2xF_dos_N_8.png,Cr_pvCu_pvMo_pvNNi_pvV_sv:PAW_PBE.AB_cF8_225_a_b.AB:POCC_P0-1xD_P1-0.2xA-0.2xB-0.2xC-0.2xE-0.2xF_dos_Ni_9.png,Cr_pvCu_pvMo_pvNNi_pvV_sv:PAW_PBE.AB_cF8_225_a_b.AB:POCC_P0-1xD_P1-0.2xA-0.2xB-0.2xC-0.2xE-0.2xF_dos_V_10.png,Cr_pvCu_pvMo_pvNNi_pvV_sv:PAW_PBE.AB_cF8_225_a_b.AB:POCC_P0-1xD_P1-0.2xA-0.2xB-0.2xC-0.2xE-0.2xF_dosdata.json.xz,Cr_pvCu_pvMo_pvNNi_pvV_sv:PAW_PBE.AB_cF8_225_a_b.AB:POCC_P0-1xD_P1-0.2xA-0.2xB-0.2xC-0.2xE-0.2xF_sconv.cif,Cr_pvCu_pvMo_pvNNi_pvV_sv:PAW_PBE.AB_cF8_225_a_b.AB:POCC_P0-1xD_P1-0.2xA-0.2xB-0.2xC-0.2xE-0.2xF_sconv_corner.cif,Cr_pvCu_pvMo_pvNNi_pvV_sv:PAW_PBE.AB_cF8_225_a_b.AB:POCC_P0-1xD_P1-0.2xA-0.2xB-0.2xC-0.2xE-0.2xF_sprim.cif,Cr_pvCu_pvMo_pvNNi_pvV_sv:PAW_PBE.AB_cF8_225_a_b.AB:POCC_P0-1xD_P1-0.2xA-0.2xB-0.2xC-0.2xE-0.2xF_sprim_corner.cif,Cr_pvCu_pvMo_pvNNi_pvV_sv:PAW_PBE.AB_cF8_225_a_b.AB:POCC_P0-1xD_P1-0.2xA-0.2xB-0.2xC-0.2xE-0.2xF_structure_relax.json,Cr_pvCu_pvMo_pvNNi_pvV_sv:PAW_PBE.AB_cF8_225_a_b.AB:POCC_P0-1xD_P1-0.2xA-0.2xB-0.2xC-0.2xE-0.2xF_structure_relax1.json,DOSCAR.static.xz,KPOINTS.relax,KPOINTS.static,LOCK,OSZICAR.static,OUTCAR.relax.xz,OUTCAR.static.xz,POSCAR.orig,POSCAR.static,aflow.CHGCAR_sum.xz,aflow.agroup.orig.json.xz,aflow.agroup.orig.out.xz,aflow.agroup.relax.json.xz,aflow.agroup.relax.out.xz,aflow.fgroup.orig.json.xz,aflow.fgroup.orig.out.xz,aflow.fgroup.relax.json.xz,aflow.fgroup.relax.out.xz,aflow.iatoms.orig.json.xz,aflow.iatoms.orig.out.xz,aflow.iatoms.relax.json.xz,aflow.iatoms.relax.out.xz,aflow.in,aflow.pgroup.orig.json.xz,aflow.pgroup.orig.out.xz,aflow.pgroup.relax.json.xz,aflow.pgroup.relax.out.xz,aflow.pgroup_xtal.orig.json.xz,aflow.pgroup_xtal.orig.out.xz,aflow.pgroup_xtal.relax.json.xz,aflow.pgroup_xtal.relax.out.xz,aflow.pgroupk.orig.json.xz,aflow.pgroupk.orig.out.xz,aflow.pgroupk.relax.json.xz,aflow.pgroupk.relax.out.xz,aflow.pgroupk_Patterson.orig.json.xz,aflow.pgroupk_Patterson.orig.out.xz,aflow.pgroupk_Patterson.relax.json.xz,aflow.pgroupk_Patterson.relax.out.xz,aflow.pgroupk_xtal.orig.json.xz,aflow.pgroupk_xtal.orig.out.xz,aflow.pgroupk_xtal.relax.json.xz,aflow.pgroupk_xtal.relax.out.xz,edata.orig.json,edata.orig.out,edata.relax.json,edata.relax.out,index.php | node_CPU_Model=Intel(R)_Xeon(R)_Gold_6226R_CPU_@_2.90GHz | node_CPU_Cores=64 | node_CPU_MHz=1201 | node_RAM_GB=188 | aflow_version=aflow3.2.7 | catalog=LIB6 | aflowlib_version=3.2.8 | aflowlib_date=20210225_22:06:02_GMT-5,20210226_01:35:40_GMT-5,20210301_14:58:15_GMT-5